
There are no discarded input sections

Memory Configuration

Name             Origin             Length             Attributes
*default*        0x0000000000000000 0xffffffffffffffff

Linker script and memory map

LOAD /home/osmaker/OS-SRC/build/kernel/asm/x86.obj
LOAD /home/osmaker/OS-SRC/build/kernel/c/main.obj
LOAD /home/osmaker/OS-SRC/build/kernel/c/memory.obj
LOAD /home/osmaker/OS-SRC/build/kernel/c/stdio.obj
LOAD /home/osmaker/TOOLCHAIN_x86_64-elf/lib/gcc/x86_64-elf/14.1.0/libgcc.a
                0x0000000000100000                phys = 0x100000
                0x0000000000100000                . = phys

.entry          0x0000000000100000       0x48
                0x0000000000100000                __entry_start = .
 *(.entry)
 .entry         0x0000000000100000       0x48 /home/osmaker/OS-SRC/build/kernel/c/main.obj
                0x0000000000100000                start

.text           0x0000000000100050      0xb05
                0x0000000000100050                __text_start = .
 *(.text)
 .text          0x0000000000100050       0x17 /home/osmaker/OS-SRC/build/kernel/asm/x86.obj
                0x0000000000100050                x86_outb
                0x000000000010005d                x86_inb
 .text          0x0000000000100067        0x0 /home/osmaker/OS-SRC/build/kernel/c/main.obj
 .text          0x0000000000100067      0x125 /home/osmaker/OS-SRC/build/kernel/c/memory.obj
                0x0000000000100067                memcpy
                0x00000000001000cb                memset
                0x000000000010011b                memcmp
 .text          0x000000000010018c      0x9c9 /home/osmaker/OS-SRC/build/kernel/c/stdio.obj
                0x000000000010018c                putchr
                0x00000000001001c6                putcolor
                0x0000000000100203                getchr
                0x0000000000100234                getcolor
                0x0000000000100268                setcursor
                0x00000000001002d1                clrscr
                0x0000000000100362                scrollback
                0x000000000010045f                putc
                0x000000000010056b                puts
                0x000000000010059e                printf_unsigned
                0x0000000000100628                printf_signed
                0x0000000000100675                printf
                0x0000000000100ab7                print_buffer

.data           0x0000000000100b58        0x8
                0x0000000000100b58                __data_start = .
 *(.data)
 .data          0x0000000000100b58        0x0 /home/osmaker/OS-SRC/build/kernel/c/main.obj
 .data          0x0000000000100b58        0x0 /home/osmaker/OS-SRC/build/kernel/c/memory.obj
 .data          0x0000000000100b58        0x8 /home/osmaker/OS-SRC/build/kernel/c/stdio.obj
                0x0000000000100b58                g_ScreenBuffer

.rodata         0x0000000000100b60      0x17a
                0x0000000000100b60                __rodata_start = .
 *(.rodata)
 .rodata        0x0000000000100b60       0x1c /home/osmaker/OS-SRC/build/kernel/c/main.obj
 *fill*         0x0000000000100b7c        0x4 
 .rodata        0x0000000000100b80      0x15a /home/osmaker/OS-SRC/build/kernel/c/stdio.obj
                0x0000000000100b80                SCREEN_WIDTH
                0x0000000000100b84                SCREEN_HEIGHT
                0x0000000000100b88                DEFAULT_COLOR
                0x0000000000100b90                g_HexChars

.eh_frame       0x0000000000100ce0      0x268
 .eh_frame      0x0000000000100ce0       0x38 /home/osmaker/OS-SRC/build/kernel/c/main.obj
 .eh_frame      0x0000000000100d18       0x78 /home/osmaker/OS-SRC/build/kernel/c/memory.obj
 .eh_frame      0x0000000000100d90      0x1b8 /home/osmaker/OS-SRC/build/kernel/c/stdio.obj

.bss            0x0000000000100f48        0x8
                0x0000000000100f48                __bss_start = .
 *(.bss)
 .bss           0x0000000000100f48        0x0 /home/osmaker/OS-SRC/build/kernel/c/main.obj
 .bss           0x0000000000100f48        0x0 /home/osmaker/OS-SRC/build/kernel/c/memory.obj
 .bss           0x0000000000100f48        0x8 /home/osmaker/OS-SRC/build/kernel/c/stdio.obj
                0x0000000000100f48                g_ScreenX
                0x0000000000100f4c                g_ScreenY
                0x0000000000100f50                __end = .
OUTPUT(/home/osmaker/OS-SRC/build/kernel.bin binary)

.debug_info     0x0000000000000000      0x9a2
 .debug_info    0x0000000000000000      0x11c /home/osmaker/OS-SRC/build/kernel/c/main.obj
 .debug_info    0x000000000000011c      0x214 /home/osmaker/OS-SRC/build/kernel/c/memory.obj
 .debug_info    0x0000000000000330      0x672 /home/osmaker/OS-SRC/build/kernel/c/stdio.obj

.debug_abbrev   0x0000000000000000      0x3e7
 .debug_abbrev  0x0000000000000000       0xea /home/osmaker/OS-SRC/build/kernel/c/main.obj
 .debug_abbrev  0x00000000000000ea       0xe2 /home/osmaker/OS-SRC/build/kernel/c/memory.obj
 .debug_abbrev  0x00000000000001cc      0x21b /home/osmaker/OS-SRC/build/kernel/c/stdio.obj

.debug_aranges  0x0000000000000000       0x90
 .debug_aranges
                0x0000000000000000       0x30 /home/osmaker/OS-SRC/build/kernel/c/main.obj
 .debug_aranges
                0x0000000000000030       0x30 /home/osmaker/OS-SRC/build/kernel/c/memory.obj
 .debug_aranges
                0x0000000000000060       0x30 /home/osmaker/OS-SRC/build/kernel/c/stdio.obj

.debug_rnglists
                0x0000000000000000       0x17
 .debug_rnglists
                0x0000000000000000       0x17 /home/osmaker/OS-SRC/build/kernel/c/main.obj

.debug_line     0x0000000000000000      0x4ef
 .debug_line    0x0000000000000000       0x66 /home/osmaker/OS-SRC/build/kernel/c/main.obj
 .debug_line    0x0000000000000066       0xd3 /home/osmaker/OS-SRC/build/kernel/c/memory.obj
 .debug_line    0x0000000000000139      0x3b6 /home/osmaker/OS-SRC/build/kernel/c/stdio.obj

.debug_str      0x0000000000000000      0x4de
 .debug_str     0x0000000000000000      0x114 /home/osmaker/OS-SRC/build/kernel/c/main.obj
 .debug_str     0x0000000000000114      0x11d /home/osmaker/OS-SRC/build/kernel/c/memory.obj
 .debug_str     0x0000000000000231      0x2ad /home/osmaker/OS-SRC/build/kernel/c/stdio.obj

.debug_line_str
                0x0000000000000000      0x229
 .debug_line_str
                0x0000000000000000       0xb8 /home/osmaker/OS-SRC/build/kernel/c/main.obj
 .debug_line_str
                0x00000000000000b8       0xad /home/osmaker/OS-SRC/build/kernel/c/memory.obj
 .debug_line_str
                0x0000000000000165       0xc4 /home/osmaker/OS-SRC/build/kernel/c/stdio.obj

.comment        0x0000000000000000       0x39
 .comment       0x0000000000000000       0x13 /home/osmaker/OS-SRC/build/kernel/c/main.obj
 .comment       0x0000000000000013       0x13 /home/osmaker/OS-SRC/build/kernel/c/memory.obj
 .comment       0x0000000000000026       0x13 /home/osmaker/OS-SRC/build/kernel/c/stdio.obj
